
Welcome to Gradle 9.6.1!

Here are the highlights of this release:
 - Improved Configuration Cache hit rates
 - Additional CLI rendering options
 - Important project hierarchy lookup deprecations

For more details see https://docs.gradle.org/9.6.1/release-notes.html

To honour the JVM settings for this build a single-use Daemon process will be forked. For more on this, please refer to https://docs.gradle.org/9.6.1/userguide/gradle_daemon.html#sec:disabling_the_daemon in the Gradle documentation.
Daemon will be stopped at the end of the build 
> Task :app:preBuild UP-TO-DATE
> Task :app:preLeanbackArm64_v8aReleaseBuild UP-TO-DATE
> Task :app:mergeLeanbackArm64_v8aReleaseJniLibFolders
> Task :catvod:preBuild UP-TO-DATE
> Task :catvod:preReleaseBuild UP-TO-DATE
> Task :catvod:mergeReleaseJniLibFolders
> Task :catvod:mergeReleaseNativeLibs NO-SOURCE
> Task :catvod:copyReleaseJniLibsProjectOnly
> Task :chaquo:generateArm64_v8aReleasePythonJniLibs
> Task :chaquo:preBuild UP-TO-DATE
> Task :chaquo:preArm64_v8aReleaseBuild UP-TO-DATE
> Task :chaquo:mergeArm64_v8aReleaseJniLibFolders
> Task :quickjs:preBuild UP-TO-DATE
> Task :quickjs:preReleaseBuild UP-TO-DATE
> Task :quickjs:mergeReleaseJniLibFolders
> Task :quickjs:mergeReleaseNativeLibs NO-SOURCE
> Task :quickjs:copyReleaseJniLibsProjectOnly
> Task :catvod:prepareReleaseArtProfile
> Task :chaquo:mergeArm64_v8aReleaseNativeLibs
> Task :chaquo:prepareArm64_v8aReleaseArtProfile
> Task :quickjs:prepareReleaseArtProfile
> Task :chaquo:copyArm64_v8aReleaseJniLibsProjectOnly
> Task :app:mergeLeanbackArm64_v8aReleaseArtProfile
> Task :app:mergeLeanbackArm64_v8aReleaseNativeLibs
> Task :catvod:generateReleaseResources
> Task :app:expandLeanbackArm64_v8aReleaseL8ArtProfileWildcards
> Task :catvod:packageReleaseResources
> Task :catvod:processReleaseNavigationResources
> Task :catvod:javaPreCompileRelease
> Task :chaquo:extractArm64_v8aReleasePythonBuildPackages
> Task :chaquo:installArm64_v8aReleasePythonRequirements FAILED
> Task :app:stripLeanbackArm64_v8aReleaseDebugSymbols
> Task :catvod:parseReleaseLocalResources

[Incubating] Problems report is available at: file:///home/runner/work/tvbox-sources/tvbox-sources/fongmi/build/reports/problems/problems-report.html

FAILURE: Build failed with an exception.

* What went wrong:
Execution failed for task ':chaquo:installArm64_v8aReleasePythonRequirements' (registered by plugin 'com.chaquo.python').
> Couldn't find Python 3.10. See https://chaquo.com/chaquopy/doc/current/android.html#buildpython.

* Try:
> Run with --stacktrace option to get the stack trace.
> Run with --info or --debug option to get more log output.
> Run with --scan to get full insights from a Build Scan (powered by Develocity).
> Get more help at https://help.gradle.org.

Deprecated Gradle features were used in this build, making it incompatible with Gradle 10.

You can use '--warning-mode all' to show the individual deprecation warnings and determine if they come from your own scripts or plugins.

For more on this, please refer to https://docs.gradle.org/9.6.1/userguide/command_line_interface.html#sec:command_line_warnings in the Gradle documentation.

BUILD FAILED in 43s
23 actionable tasks: 23 executed
GRADLE_EXIT=1
