
Welcome to Gradle 9.6.1!

Here are the highlights of this release:
 - Improved Configuration Cache hit rates
 - Additional CLI rendering options
 - Important project hierarchy lookup deprecations

For more details see https://docs.gradle.org/9.6.1/release-notes.html

To honour the JVM settings for this build a single-use Daemon process will be forked. For more on this, please refer to https://docs.gradle.org/9.6.1/userguide/gradle_daemon.html#sec:disabling_the_daemon in the Gradle documentation.
Daemon will be stopped at the end of the build 
> Task :app:preBuild UP-TO-DATE
> Task :app:preLeanbackArm64_v8aReleaseBuild UP-TO-DATE
> Task :app:mergeLeanbackArm64_v8aReleaseJniLibFolders
> Task :catvod:preBuild UP-TO-DATE
> Task :catvod:preReleaseBuild UP-TO-DATE
> Task :catvod:mergeReleaseJniLibFolders
> Task :catvod:mergeReleaseNativeLibs NO-SOURCE
> Task :catvod:copyReleaseJniLibsProjectOnly
> Task :chaquo:generateArm64_v8aReleasePythonJniLibs
> Task :chaquo:preBuild UP-TO-DATE
> Task :chaquo:preArm64_v8aReleaseBuild UP-TO-DATE
> Task :chaquo:mergeArm64_v8aReleaseJniLibFolders
> Task :quickjs:preBuild UP-TO-DATE
> Task :quickjs:preReleaseBuild UP-TO-DATE
> Task :quickjs:mergeReleaseJniLibFolders
> Task :quickjs:mergeReleaseNativeLibs NO-SOURCE
> Task :quickjs:copyReleaseJniLibsProjectOnly
> Task :catvod:prepareReleaseArtProfile
> Task :chaquo:mergeArm64_v8aReleaseNativeLibs
> Task :chaquo:prepareArm64_v8aReleaseArtProfile
> Task :quickjs:prepareReleaseArtProfile
> Task :chaquo:copyArm64_v8aReleaseJniLibsProjectOnly
> Task :app:mergeLeanbackArm64_v8aReleaseArtProfile
> Task :app:mergeLeanbackArm64_v8aReleaseNativeLibs
> Task :app:expandLeanbackArm64_v8aReleaseL8ArtProfileWildcards FROM-CACHE
> Task :catvod:generateReleaseResources FROM-CACHE
> Task :catvod:packageReleaseResources FROM-CACHE
> Task :catvod:processReleaseNavigationResources FROM-CACHE
> Task :catvod:parseReleaseLocalResources FROM-CACHE
> Task :catvod:generateReleaseRFile FROM-CACHE
> Task :catvod:compileReleaseKotlin NO-SOURCE
> Task :catvod:javaPreCompileRelease FROM-CACHE
> Task :app:stripLeanbackArm64_v8aReleaseDebugSymbols
> Task :catvod:compileReleaseJavaWithJavac FROM-CACHE
> Task :app:extractLeanbackArm64_v8aReleaseNativeSymbolTables
> Task :catvod:bundleLibCompileToJarRelease
> Task :chaquo:extractArm64_v8aReleasePythonBuildPackages
> Task :app:mergeLeanbackArm64_v8aReleaseNativeDebugMetadata NO-SOURCE

> Task :chaquo:installArm64_v8aReleasePythonRequirements
Chaquopy: Installing for arm64-v8a
Looking in indexes: https://pypi.org/simple, https://chaquo.com/pypi-13.1
Collecting lxml (from -r requirements.txt (line 1))
  Downloading https://chaquo.com/pypi-13.1/lxml/lxml-5.3.0-0-cp310-cp310-android_24_arm64_v8a.whl (1.4 MB)
     ━━━━━━━━━━━━━━━━━━━━━━━━━━━━━━━━━━━━━━━━ 1.4/1.4 MB 2.7 MB/s  0:00:00
Collecting ujson (from -r requirements.txt (line 2))
  Downloading https://chaquo.com/pypi-13.1/ujson/ujson-5.11.0-0-cp310-cp310-android_24_arm64_v8a.whl (79 kB)
Collecting pyquery (from -r requirements.txt (line 3))
  Downloading pyquery-2.1.0-py3-none-any.whl.metadata (9.5 kB)
Collecting requests (from -r requirements.txt (line 4))
  Downloading requests-2.34.2-py3-none-any.whl.metadata (4.8 kB)
Collecting cachetools (from -r requirements.txt (line 5))
  Downloading cachetools-7.1.7-py3-none-any.whl.metadata (5.5 kB)
Collecting pycryptodome (from -r requirements.txt (line 6))
  Downloading https://chaquo.com/pypi-13.1/pycryptodome/pycryptodome-3.21.0-0-cp310-cp310-android_24_arm64_v8a.whl (1.6 MB)
     ━━━━━━━━━━━━━━━━━━━━━━━━━━━━━━━━━━━━━━━━ 1.6/1.6 MB 7.6 MB/s  0:00:00
Collecting beautifulsoup4 (from -r requirements.txt (line 7))
  Downloading beautifulsoup4-4.15.0-py3-none-any.whl.metadata (3.8 kB)
Collecting chaquopy-libxml2>=2.9.8 (from lxml->-r requirements.txt (line 1))
  Downloading https://chaquo.com/pypi-13.1/chaquopy-libxml2/chaquopy_libxml2-2.9.8-2-py3-none-android_21_arm64_v8a.whl (773 kB)
     ━━━━━━━━━━━━━━━━━━━━━━━━━━━━━━━━━━━━━━━━ 773.4/773.4 kB 138.6 MB/s  0:00:00
Collecting chaquopy-libxslt>=1.1.32 (from lxml->-r requirements.txt (line 1))
  Downloading https://chaquo.com/pypi-13.1/chaquopy-libxslt/chaquopy_libxslt-1.1.32-2-py3-none-android_21_arm64_v8a.whl (178 kB)
Collecting chaquopy-libcxx>=180000 (from ujson->-r requirements.txt (line 2))
  Downloading https://chaquo.com/pypi-13.1/chaquopy-libcxx/chaquopy_libcxx-180000-0-py3-none-android_24_arm64_v8a.whl (413 kB)
Collecting cssselect>=1.5.0 (from pyquery->-r requirements.txt (line 3))
  Downloading cssselect-1.5.0-py3-none-any.whl.metadata (2.4 kB)
Collecting charset_normalizer<4,>=2 (from requests->-r requirements.txt (line 4))
  Downloading charset_normalizer-3.5.1-py3-none-any.whl.metadata (45 kB)
Collecting idna<4,>=2.5 (from requests->-r requirements.txt (line 4))
  Downloading idna-3.19-py3-none-any.whl.metadata (9.2 kB)
Collecting urllib3<3,>=1.26 (from requests->-r requirements.txt (line 4))
  Downloading urllib3-2.7.0-py3-none-any.whl.metadata (6.9 kB)
Collecting certifi>=2023.5.7 (from requests->-r requirements.txt (line 4))
  Downloading certifi-2026.7.22-py3-none-any.whl.metadata (2.5 kB)
Collecting soupsieve>=1.6.1 (from beautifulsoup4->-r requirements.txt (line 7))
  Downloading soupsieve-2.9.2-py3-none-any.whl.metadata (4.6 kB)
Collecting typing-extensions>=4.0.0 (from beautifulsoup4->-r requirements.txt (line 7))
  Downloading typing_extensions-4.16.0-py3-none-any.whl.metadata (3.3 kB)
Downloading pyquery-2.1.0-py3-none-any.whl (22 kB)
Downloading requests-2.34.2-py3-none-any.whl (73 kB)
Downloading charset_normalizer-3.5.1-py3-none-any.whl (68 kB)
Downloading idna-3.19-py3-none-any.whl (68 kB)
Downloading urllib3-2.7.0-py3-none-any.whl (131 kB)
Downloading cachetools-7.1.7-py3-none-any.whl (16 kB)
Downloading beautifulsoup4-4.15.0-py3-none-any.whl (109 kB)
Downloading certifi-2026.7.22-py3-none-any.whl (136 kB)
Downloading cssselect-1.5.0-py3-none-any.whl (20 kB)
Downloading soupsieve-2.9.2-py3-none-any.whl (37 kB)
Downloading typing_extensions-4.16.0-py3-none-any.whl (45 kB)
Installing collected packages: chaquopy-libxml2, chaquopy-libcxx, urllib3, ujson, typing-extensions, soupsieve, pycryptodome, idna, cssselect, charset_normalizer, chaquopy-libxslt, certifi, cachetools, requests, lxml, beautifulsoup4, pyquery

Successfully installed beautifulsoup4-4.15.0 cachetools-7.1.7 certifi-2026.7.22 chaquopy-libcxx-180000 chaquopy-libxml2-2.9.8 chaquopy-libxslt-1.1.32 charset_normalizer-3.5.1 cssselect-1.5.0 idna-3.19 lxml-5.3.0 pycryptodome-3.21.0 pyquery-2.1.0 requests-2.34.2 soupsieve-2.9.2 typing-extensions-4.16.0 ujson-5.11.0 urllib3-2.7.0

> Task :chaquo:mergeArm64_v8aReleasePythonSources
> Task :chaquo:generateArm64_v8aReleasePythonProxies
> Task :chaquo:generateArm64_v8aReleaseResources FROM-CACHE
> Task :chaquo:packageArm64_v8aReleaseResources FROM-CACHE
> Task :chaquo:processArm64_v8aReleaseNavigationResources FROM-CACHE
> Task :chaquo:parseArm64_v8aReleaseLocalResources FROM-CACHE
> Task :chaquo:generateArm64_v8aReleaseRFile FROM-CACHE
> Task :chaquo:compileArm64_v8aReleaseKotlin NO-SOURCE
> Task :chaquo:javaPreCompileArm64_v8aRelease FROM-CACHE
> Task :chaquo:compileArm64_v8aReleaseJavaWithJavac FROM-CACHE
> Task :chaquo:mergeArm64_v8aReleaseGeneratedProguardFiles
> Task :chaquo:exportArm64_v8aReleaseConsumerProguardFiles
> Task :quickjs:generateReleaseResources FROM-CACHE
> Task :quickjs:packageReleaseResources FROM-CACHE
> Task :quickjs:processReleaseNavigationResources FROM-CACHE
> Task :quickjs:parseReleaseLocalResources FROM-CACHE
> Task :quickjs:generateReleaseRFile FROM-CACHE
> Task :quickjs:compileReleaseKotlin NO-SOURCE
> Task :quickjs:javaPreCompileRelease FROM-CACHE
> Task :quickjs:compileReleaseJavaWithJavac FROM-CACHE
> Task :quickjs:mergeReleaseGeneratedProguardFiles
> Task :quickjs:exportReleaseConsumerProguardFiles
> Task :catvod:mergeReleaseGeneratedProguardFiles
> Task :catvod:exportReleaseConsumerProguardFiles
> Task :app:checkLeanbackArm64_v8aReleaseDuplicateClasses
> Task :app:dataBindingMergeDependencyArtifactsLeanbackArm64_v8aRelease
> Task :app:generateLeanbackArm64_v8aReleaseResources FROM-CACHE
> Task :app:mergeLeanbackArm64_v8aReleaseResources FROM-CACHE
> Task :app:packageLeanbackArm64_v8aReleaseResources FROM-CACHE
> Task :app:processLeanbackArm64_v8aReleaseNavigationResources FROM-CACHE
> Task :app:parseLeanbackArm64_v8aReleaseLocalResources FROM-CACHE
> Task :app:dataBindingGenBaseClassesLeanbackArm64_v8aRelease
> Task :app:generateLeanbackArm64_v8aReleaseBuildConfig FROM-CACHE
> Task :app:generateLeanbackArm64_v8aReleaseRFile FROM-CACHE
> Task :chaquo:bundleLibCompileToJarArm64_v8aRelease
> Task :quickjs:bundleLibCompileToJarRelease
> Task :app:javaPreCompileLeanbackArm64_v8aRelease FROM-CACHE
> Task :app:compileLeanbackArm64_v8aReleaseKotlin NO-SOURCE

> Task :app:compileLeanbackArm64_v8aReleaseJavaWithJavac
Note: [1] Wrote GeneratedAppGlideModule with: [com.bumptech.glide.integration.okhttp3.OkHttpLibraryGlideModule, com.bumptech.glide.integration.avif.AvifGlideModule]
Note: Some input files use or override a deprecated API.
Note: Recompile with -Xlint:deprecation for details.
Note: Some input files use unchecked or unsafe operations.
Note: Recompile with -Xlint:unchecked for details.

> Task :catvod:writeReleaseAarMetadata
> Task :chaquo:writeArm64_v8aReleaseAarMetadata
> Task :quickjs:writeReleaseAarMetadata
> Task :app:mapLeanbackArm64_v8aReleaseSourceSetPaths
> Task :app:compileLeanbackArm64_v8aReleaseNavigationResources FROM-CACHE
> Task :app:checkLeanbackArm64_v8aReleaseAarMetadata
> Task :app:createLeanbackArm64_v8aReleaseCompatibleScreenManifests
> Task :app:extractDeepLinksLeanbackArm64_v8aRelease FROM-CACHE
> Task :catvod:extractDeepLinksRelease FROM-CACHE
> Task :catvod:processReleaseManifest FROM-CACHE
> Task :chaquo:extractDeepLinksArm64_v8aRelease FROM-CACHE
> Task :chaquo:processArm64_v8aReleaseManifest FROM-CACHE
> Task :quickjs:extractDeepLinksRelease FROM-CACHE
> Task :quickjs:processReleaseManifest FROM-CACHE
> Task :app:processLeanbackArm64_v8aReleaseMainManifest
> Task :app:processLeanbackArm64_v8aReleaseManifest FROM-CACHE
> Task :app:processLeanbackArm64_v8aReleaseManifestForPackage FROM-CACHE
> Task :catvod:mapReleaseSourceSetPaths
> Task :catvod:compileReleaseLibraryResources FROM-CACHE
> Task :chaquo:mapArm64_v8aReleaseSourceSetPaths
> Task :chaquo:compileArm64_v8aReleaseLibraryResources FROM-CACHE
> Task :quickjs:mapReleaseSourceSetPaths
> Task :quickjs:compileReleaseLibraryResources FROM-CACHE
> Task :catvod:bundleLibRuntimeToJarRelease
> Task :chaquo:bundleLibRuntimeToJarArm64_v8aRelease
> Task :quickjs:bundleLibRuntimeToJarRelease
> Task :app:extractProguardFiles
> Task :app:processLeanbackArm64_v8aReleaseJavaRes
> Task :catvod:processReleaseJavaRes NO-SOURCE
> Task :chaquo:processArm64_v8aReleaseJavaRes NO-SOURCE
> Task :quickjs:processReleaseJavaRes NO-SOURCE
> Task :app:mergeLeanbackArm64_v8aReleaseStartupProfile
> Task :app:generateLeanbackArm64_v8aReleaseAssets UP-TO-DATE
> Task :catvod:generateReleaseAssets UP-TO-DATE
> Task :catvod:mergeReleaseAssets
> Task :chaquo:generateArm64_v8aReleaseAssets UP-TO-DATE
> Task :chaquo:generateArm64_v8aReleasePythonMiscAssets
> Task :chaquo:generateArm64_v8aReleasePythonRequirementsAssets
> Task :chaquo:generateArm64_v8aReleasePythonSourceAssets
> Task :chaquo:generateArm64_v8aReleasePythonBuildAssets
> Task :chaquo:mergeArm64_v8aReleaseAssets
> Task :quickjs:generateReleaseAssets UP-TO-DATE
> Task :app:mergeLeanbackArm64_v8aReleaseJavaResource
> Task :quickjs:mergeReleaseAssets
> Task :app:mergeLeanbackArm64_v8aReleaseAssets
> Task :app:extractLeanbackArm64_v8aReleaseVersionControlInfo
> Task :catvod:createFullJarRelease
> Task :catvod:extractProguardFiles
> Task :app:processLeanbackArm64_v8aReleaseResources
> Task :catvod:generateReleaseLintModel
> Task :app:mergeLeanbackArm64_v8aReleaseGeneratedProguardFiles
> Task :catvod:prepareLintJarForPublish
> Task :chaquo:createFullJarArm64_v8aRelease
> Task :chaquo:extractProguardFiles
> Task :chaquo:generateArm64_v8aReleaseLintModel
> Task :chaquo:prepareLintJarForPublish
> Task :quickjs:createFullJarRelease
> Task :quickjs:extractProguardFiles
> Task :quickjs:generateReleaseLintModel
> Task :quickjs:prepareLintJarForPublish
> Task :chaquo:checkArm64_v8aReleaseAarMetadata
> Task :app:compressLeanbackArm64_v8aReleaseAssets
> Task :app:expandLeanbackArm64_v8aReleaseArtProfileWildcards
> Task :app:generateLeanbackArm64_v8aReleaseLintVitalReportModel
> Task :chaquo:extractArm64_v8aReleaseAnnotations FROM-CACHE
> Task :chaquo:extractDeepLinksForAarArm64_v8aRelease FROM-CACHE
> Task :chaquo:mergeArm64_v8aReleaseConsumerProguardFiles
> Task :chaquo:mergeArm64_v8aReleaseJavaResource
> Task :quickjs:checkReleaseAarMetadata
> Task :chaquo:syncArm64_v8aReleaseLibJars FROM-CACHE
> Task :chaquo:bundleArm64_v8aReleaseLocalLintAar
> Task :quickjs:extractDeepLinksForAarRelease FROM-CACHE
> Task :quickjs:extractReleaseAnnotations FROM-CACHE
> Task :quickjs:mergeReleaseConsumerProguardFiles
> Task :quickjs:mergeReleaseJavaResource
> Task :quickjs:syncReleaseLibJars FROM-CACHE
> Task :quickjs:bundleReleaseLocalLintAar
> Task :catvod:checkReleaseAarMetadata
> Task :catvod:extractDeepLinksForAarRelease FROM-CACHE
> Task :catvod:extractReleaseAnnotations FROM-CACHE
> Task :catvod:mergeReleaseConsumerProguardFiles
> Task :catvod:mergeReleaseJavaResource
> Task :catvod:syncReleaseLibJars FROM-CACHE
> Task :catvod:bundleReleaseLocalLintAar
> Task :catvod:writeReleaseLintModelMetadata
> Task :chaquo:writeArm64_v8aReleaseLintModelMetadata
> Task :chaquo:lintVitalAnalyzeArm64_v8aRelease
> Task :quickjs:lintVitalAnalyzeRelease
> Task :quickjs:writeReleaseLintModelMetadata
> Task :catvod:lintVitalAnalyzeRelease
> Task :catvod:generateReleaseLintVitalModel
> Task :chaquo:generateArm64_v8aReleaseLintVitalModel
> Task :quickjs:generateReleaseLintVitalModel
> Task :app:collectLeanbackArm64_v8aReleaseDependencies
> Task :app:sdkLeanbackArm64_v8aReleaseDependencyData
> Task :app:validateSigningLeanbackArm64_v8aRelease
> Task :app:writeLeanbackArm64_v8aReleaseAppMetadata
> Task :app:writeLeanbackArm64_v8aReleaseSigningConfigVersions
> Task :app:preLeanbackArmeabi_v7aReleaseBuild UP-TO-DATE
> Task :app:mergeLeanbackArmeabi_v7aReleaseJniLibFolders
> Task :chaquo:generateArmeabi_v7aReleasePythonJniLibs
> Task :chaquo:preArmeabi_v7aReleaseBuild UP-TO-DATE
> Task :chaquo:mergeArmeabi_v7aReleaseJniLibFolders
> Task :chaquo:prepareArmeabi_v7aReleaseArtProfile
> Task :chaquo:mergeArmeabi_v7aReleaseNativeLibs
> Task :app:mergeLeanbackArmeabi_v7aReleaseArtProfile
> Task :app:expandLeanbackArmeabi_v7aReleaseL8ArtProfileWildcards FROM-CACHE
> Task :chaquo:copyArmeabi_v7aReleaseJniLibsProjectOnly
> Task :chaquo:extractArmeabi_v7aReleasePythonBuildPackages
> Task :app:mergeLeanbackArmeabi_v7aReleaseNativeLibs

> Task :chaquo:installArmeabi_v7aReleasePythonRequirements
Chaquopy: Installing for armeabi-v7a
Looking in indexes: https://pypi.org/simple, https://chaquo.com/pypi-13.1
Collecting lxml (from -r requirements.txt (line 1))
  Downloading https://chaquo.com/pypi-13.1/lxml/lxml-5.3.0-0-cp310-cp310-android_24_armeabi_v7a.whl (1.3 MB)
     ━━━━━━━━━━━━━━━━━━━━━━━━━━━━━━━━━━━━━━━━ 1.3/1.3 MB 2.4 MB/s  0:00:00
Collecting ujson (from -r requirements.txt (line 2))
  Downloading https://chaquo.com/pypi-13.1/ujson/ujson-5.11.0-0-cp310-cp310-android_24_armeabi_v7a.whl (62 kB)
Collecting pyquery (from -r requirements.txt (line 3))
  Using cached pyquery-2.1.0-py3-none-any.whl.metadata (9.5 kB)
Collecting requests (from -r requirements.txt (line 4))
  Using cached requests-2.34.2-py3-none-any.whl.metadata (4.8 kB)
Collecting cachetools (from -r requirements.txt (line 5))
  Using cached cachetools-7.1.7-py3-none-any.whl.metadata (5.5 kB)
Collecting pycryptodome (from -r requirements.txt (line 6))
  Downloading https://chaquo.com/pypi-13.1/pycryptodome/pycryptodome-3.21.0-0-cp310-cp310-android_24_armeabi_v7a.whl (1.6 MB)
     ━━━━━━━━━━━━━━━━━━━━━━━━━━━━━━━━━━━━━━━━ 1.6/1.6 MB 5.0 MB/s  0:00:00
Collecting beautifulsoup4 (from -r requirements.txt (line 7))
  Using cached beautifulsoup4-4.15.0-py3-none-any.whl.metadata (3.8 kB)
Collecting chaquopy-libxslt>=1.1.32 (from lxml->-r requirements.txt (line 1))
  Downloading https://chaquo.com/pypi-13.1/chaquopy-libxslt/chaquopy_libxslt-1.1.32-2-py3-none-android_16_armeabi_v7a.whl (170 kB)
Collecting chaquopy-libxml2>=2.9.8 (from lxml->-r requirements.txt (line 1))
  Downloading https://chaquo.com/pypi-13.1/chaquopy-libxml2/chaquopy_libxml2-2.9.8-2-py3-none-android_16_armeabi_v7a.whl (705 kB)
     ━━━━━━━━━━━━━━━━━━━━━━━━━━━━━━━━━━━━━━━━ 705.4/705.4 kB 27.1 MB/s  0:00:00
Collecting chaquopy-libcxx>=180000 (from ujson->-r requirements.txt (line 2))
  Downloading https://chaquo.com/pypi-13.1/chaquopy-libcxx/chaquopy_libcxx-180000-0-py3-none-android_24_armeabi_v7a.whl (355 kB)
Collecting cssselect>=1.5.0 (from pyquery->-r requirements.txt (line 3))
  Using cached cssselect-1.5.0-py3-none-any.whl.metadata (2.4 kB)
Collecting charset_normalizer<4,>=2 (from requests->-r requirements.txt (line 4))
  Using cached charset_normalizer-3.5.1-py3-none-any.whl.metadata (45 kB)
Collecting idna<4,>=2.5 (from requests->-r requirements.txt (line 4))
  Using cached idna-3.19-py3-none-any.whl.metadata (9.2 kB)
Collecting urllib3<3,>=1.26 (from requests->-r requirements.txt (line 4))
  Using cached urllib3-2.7.0-py3-none-any.whl.metadata (6.9 kB)
Collecting certifi>=2023.5.7 (from requests->-r requirements.txt (line 4))
  Using cached certifi-2026.7.22-py3-none-any.whl.metadata (2.5 kB)
Collecting soupsieve>=1.6.1 (from beautifulsoup4->-r requirements.txt (line 7))
  Using cached soupsieve-2.9.2-py3-none-any.whl.metadata (4.6 kB)
Collecting typing-extensions>=4.0.0 (from beautifulsoup4->-r requirements.txt (line 7))
  Using cached typing_extensions-4.16.0-py3-none-any.whl.metadata (3.3 kB)
Using cached pyquery-2.1.0-py3-none-any.whl (22 kB)
Using cached requests-2.34.2-py3-none-any.whl (73 kB)
Using cached charset_normalizer-3.5.1-py3-none-any.whl (68 kB)
Using cached idna-3.19-py3-none-any.whl (68 kB)
Using cached urllib3-2.7.0-py3-none-any.whl (131 kB)
Using cached cachetools-7.1.7-py3-none-any.whl (16 kB)
Using cached beautifulsoup4-4.15.0-py3-none-any.whl (109 kB)
Using cached certifi-2026.7.22-py3-none-any.whl (136 kB)
Using cached cssselect-1.5.0-py3-none-any.whl (20 kB)
Using cached soupsieve-2.9.2-py3-none-any.whl (37 kB)
Using cached typing_extensions-4.16.0-py3-none-any.whl (45 kB)
Installing collected packages: chaquopy-libxml2, chaquopy-libcxx, urllib3, ujson, typing-extensions, soupsieve, pycryptodome, idna, cssselect, charset_normalizer, chaquopy-libxslt, certifi, cachetools, requests, lxml, beautifulsoup4, pyquery

Successfully installed beautifulsoup4-4.15.0 cachetools-7.1.7 certifi-2026.7.22 chaquopy-libcxx-180000 chaquopy-libxml2-2.9.8 chaquopy-libxslt-1.1.32 charset_normalizer-3.5.1 cssselect-1.5.0 idna-3.19 lxml-5.3.0 pycryptodome-3.21.0 pyquery-2.1.0 requests-2.34.2 soupsieve-2.9.2 typing-extensions-4.16.0 ujson-5.11.0 urllib3-2.7.0

> Task :chaquo:mergeArmeabi_v7aReleasePythonSources
> Task :chaquo:generateArmeabi_v7aReleasePythonProxies
> Task :chaquo:generateArmeabi_v7aReleaseResources FROM-CACHE
> Task :chaquo:packageArmeabi_v7aReleaseResources FROM-CACHE
> Task :chaquo:processArmeabi_v7aReleaseNavigationResources FROM-CACHE
> Task :chaquo:parseArmeabi_v7aReleaseLocalResources FROM-CACHE
> Task :chaquo:generateArmeabi_v7aReleaseRFile FROM-CACHE
> Task :chaquo:compileArmeabi_v7aReleaseKotlin NO-SOURCE
> Task :chaquo:javaPreCompileArmeabi_v7aRelease FROM-CACHE
> Task :chaquo:compileArmeabi_v7aReleaseJavaWithJavac FROM-CACHE
> Task :chaquo:mergeArmeabi_v7aReleaseGeneratedProguardFiles
> Task :chaquo:exportArmeabi_v7aReleaseConsumerProguardFiles
> Task :app:checkLeanbackArmeabi_v7aReleaseDuplicateClasses
> Task :app:dataBindingMergeDependencyArtifactsLeanbackArmeabi_v7aRelease
> Task :app:generateLeanbackArmeabi_v7aReleaseResources FROM-CACHE
> Task :app:stripLeanbackArmeabi_v7aReleaseDebugSymbols
> Task :app:mergeLeanbackArmeabi_v7aReleaseResources FROM-CACHE
> Task :app:extractLeanbackArmeabi_v7aReleaseNativeSymbolTables
> Task :app:packageLeanbackArmeabi_v7aReleaseResources FROM-CACHE
> Task :app:mergeLeanbackArmeabi_v7aReleaseNativeDebugMetadata
> Task :app:processLeanbackArmeabi_v7aReleaseNavigationResources FROM-CACHE
> Task :app:parseLeanbackArmeabi_v7aReleaseLocalResources FROM-CACHE
> Task :app:dataBindingGenBaseClassesLeanbackArmeabi_v7aRelease FROM-CACHE
> Task :app:generateLeanbackArmeabi_v7aReleaseBuildConfig FROM-CACHE
> Task :app:generateLeanbackArmeabi_v7aReleaseRFile FROM-CACHE
> Task :chaquo:bundleLibCompileToJarArmeabi_v7aRelease
> Task :app:javaPreCompileLeanbackArmeabi_v7aRelease FROM-CACHE
> Task :app:compileLeanbackArmeabi_v7aReleaseKotlin NO-SOURCE
> Task :app:minifyLeanbackArm64_v8aReleaseWithR8
> Task :app:lintVitalAnalyzeLeanbackArm64_v8aRelease

> Task :app:compileLeanbackArmeabi_v7aReleaseJavaWithJavac
Note: [1] Wrote GeneratedAppGlideModule with: [com.bumptech.glide.integration.okhttp3.OkHttpLibraryGlideModule, com.bumptech.glide.integration.avif.AvifGlideModule]
Note: Some input files use or override a deprecated API.
Note: Recompile with -Xlint:deprecation for details.
Note: Some input files use unchecked or unsafe operations.
Note: Recompile with -Xlint:unchecked for details.

> Task :chaquo:writeArmeabi_v7aReleaseAarMetadata
> Task :app:mapLeanbackArmeabi_v7aReleaseSourceSetPaths
> Task :app:compileLeanbackArmeabi_v7aReleaseNavigationResources FROM-CACHE
> Task :app:createLeanbackArmeabi_v7aReleaseCompatibleScreenManifests
> Task :app:checkLeanbackArmeabi_v7aReleaseAarMetadata
> Task :app:extractDeepLinksLeanbackArmeabi_v7aRelease FROM-CACHE
> Task :chaquo:extractDeepLinksArmeabi_v7aRelease FROM-CACHE
> Task :chaquo:processArmeabi_v7aReleaseManifest FROM-CACHE
> Task :app:lintVitalReportLeanbackArm64_v8aRelease
> Task :app:processLeanbackArmeabi_v7aReleaseMainManifest FROM-CACHE
> Task :app:lintVitalLeanbackArm64_v8aRelease
> Task :app:processLeanbackArmeabi_v7aReleaseManifest FROM-CACHE
> Task :app:processLeanbackArmeabi_v7aReleaseManifestForPackage FROM-CACHE
> Task :chaquo:mapArmeabi_v7aReleaseSourceSetPaths
> Task :chaquo:compileArmeabi_v7aReleaseLibraryResources FROM-CACHE
> Task :chaquo:bundleLibRuntimeToJarArmeabi_v7aRelease
> Task :app:processLeanbackArmeabi_v7aReleaseJavaRes
> Task :chaquo:processArmeabi_v7aReleaseJavaRes NO-SOURCE
> Task :app:mergeLeanbackArmeabi_v7aReleaseStartupProfile
> Task :app:generateLeanbackArmeabi_v7aReleaseAssets UP-TO-DATE
> Task :chaquo:generateArmeabi_v7aReleaseAssets UP-TO-DATE
> Task :chaquo:generateArmeabi_v7aReleasePythonMiscAssets
> Task :chaquo:generateArmeabi_v7aReleasePythonRequirementsAssets
> Task :chaquo:generateArmeabi_v7aReleasePythonSourceAssets
> Task :app:mergeLeanbackArmeabi_v7aReleaseJavaResource
> Task :chaquo:generateArmeabi_v7aReleasePythonBuildAssets
> Task :chaquo:mergeArmeabi_v7aReleaseAssets
> Task :app:mergeLeanbackArmeabi_v7aReleaseAssets
> Task :app:extractLeanbackArmeabi_v7aReleaseVersionControlInfo
> Task :chaquo:createFullJarArmeabi_v7aRelease
> Task :app:processLeanbackArmeabi_v7aReleaseResources
> Task :chaquo:generateArmeabi_v7aReleaseLintModel
> Task :app:mergeLeanbackArmeabi_v7aReleaseGeneratedProguardFiles
> Task :app:generateLeanbackArmeabi_v7aReleaseLintVitalReportModel
> Task :chaquo:checkArmeabi_v7aReleaseAarMetadata
> Task :chaquo:extractArmeabi_v7aReleaseAnnotations FROM-CACHE
> Task :chaquo:extractDeepLinksForAarArmeabi_v7aRelease FROM-CACHE
> Task :chaquo:mergeArmeabi_v7aReleaseConsumerProguardFiles
> Task :chaquo:mergeArmeabi_v7aReleaseJavaResource
> Task :chaquo:syncArmeabi_v7aReleaseLibJars FROM-CACHE
> Task :chaquo:bundleArmeabi_v7aReleaseLocalLintAar
> Task :app:expandLeanbackArmeabi_v7aReleaseArtProfileWildcards
> Task :chaquo:writeArmeabi_v7aReleaseLintModelMetadata
> Task :chaquo:generateArmeabi_v7aReleaseLintVitalModel
> Task :chaquo:lintVitalAnalyzeArmeabi_v7aRelease
> Task :app:compressLeanbackArmeabi_v7aReleaseAssets
> Task :app:collectLeanbackArmeabi_v7aReleaseDependencies
> Task :app:sdkLeanbackArmeabi_v7aReleaseDependencyData
> Task :app:validateSigningLeanbackArmeabi_v7aRelease
> Task :app:writeLeanbackArmeabi_v7aReleaseAppMetadata
> Task :app:writeLeanbackArmeabi_v7aReleaseSigningConfigVersions
> Task :app:preMobileArm64_v8aReleaseBuild UP-TO-DATE
> Task :app:mergeMobileArm64_v8aReleaseJniLibFolders
> Task :app:mergeMobileArm64_v8aReleaseArtProfile
> Task :app:expandMobileArm64_v8aReleaseL8ArtProfileWildcards FROM-CACHE
> Task :app:checkMobileArm64_v8aReleaseDuplicateClasses
> Task :app:dataBindingMergeDependencyArtifactsMobileArm64_v8aRelease
> Task :app:generateMobileArm64_v8aReleaseResources FROM-CACHE
> Task :app:mergeMobileArm64_v8aReleaseResources FROM-CACHE
> Task :app:mergeMobileArm64_v8aReleaseNativeLibs
> Task :app:packageMobileArm64_v8aReleaseResources FROM-CACHE
> Task :app:processMobileArm64_v8aReleaseNavigationResources FROM-CACHE
> Task :app:parseMobileArm64_v8aReleaseLocalResources FROM-CACHE
> Task :app:dataBindingGenBaseClassesMobileArm64_v8aRelease
> Task :app:generateMobileArm64_v8aReleaseBuildConfig FROM-CACHE
> Task :app:generateMobileArm64_v8aReleaseRFile FROM-CACHE
> Task :app:compileMobileArm64_v8aReleaseKotlin NO-SOURCE
> Task :app:javaPreCompileMobileArm64_v8aRelease FROM-CACHE
> Task :app:stripMobileArm64_v8aReleaseDebugSymbols

> Task :app:compileMobileArm64_v8aReleaseJavaWithJavac
Note: [1] Wrote GeneratedAppGlideModule with: [com.bumptech.glide.integration.okhttp3.OkHttpLibraryGlideModule, com.bumptech.glide.integration.avif.AvifGlideModule]

> Task :app:lintVitalAnalyzeLeanbackArmeabi_v7aRelease

> Task :app:compileMobileArm64_v8aReleaseJavaWithJavac
Note: Some input files use or override a deprecated API.
Note: Recompile with -Xlint:deprecation for details.
Note: Some input files use unchecked or unsafe operations.
Note: Recompile with -Xlint:unchecked for details.

> Task :app:extractMobileArm64_v8aReleaseNativeSymbolTables FROM-CACHE
> Task :app:mergeMobileArm64_v8aReleaseNativeDebugMetadata NO-SOURCE
> Task :app:mapMobileArm64_v8aReleaseSourceSetPaths
> Task :app:checkMobileArm64_v8aReleaseAarMetadata
> Task :app:compileMobileArm64_v8aReleaseNavigationResources FROM-CACHE
> Task :app:createMobileArm64_v8aReleaseCompatibleScreenManifests
> Task :app:extractDeepLinksMobileArm64_v8aRelease FROM-CACHE
> Task :app:lintVitalReportLeanbackArmeabi_v7aRelease
> Task :app:processMobileArm64_v8aReleaseMainManifest
> Task :app:lintVitalLeanbackArmeabi_v7aRelease
> Task :app:processMobileArm64_v8aReleaseManifest FROM-CACHE
> Task :app:processMobileArm64_v8aReleaseManifestForPackage FROM-CACHE
> Task :app:processMobileArm64_v8aReleaseJavaRes
> Task :app:mergeMobileArm64_v8aReleaseStartupProfile
> Task :app:generateMobileArm64_v8aReleaseAssets UP-TO-DATE
> Task :app:mergeMobileArm64_v8aReleaseAssets
> Task :app:compressMobileArm64_v8aReleaseAssets FROM-CACHE
> Task :app:extractMobileArm64_v8aReleaseVersionControlInfo
> Task :app:generateMobileArm64_v8aReleaseLintVitalReportModel
> Task :app:mergeMobileArm64_v8aReleaseJavaResource
> Task :app:collectMobileArm64_v8aReleaseDependencies
> Task :app:sdkMobileArm64_v8aReleaseDependencyData
> Task :app:validateSigningMobileArm64_v8aRelease
> Task :app:writeMobileArm64_v8aReleaseAppMetadata
> Task :app:writeMobileArm64_v8aReleaseSigningConfigVersions
> Task :app:preMobileArmeabi_v7aReleaseBuild UP-TO-DATE
> Task :app:mergeMobileArmeabi_v7aReleaseJniLibFolders
> Task :app:processMobileArm64_v8aReleaseResources
> Task :app:mergeMobileArmeabi_v7aReleaseNativeLibs
> Task :app:mergeMobileArm64_v8aReleaseGeneratedProguardFiles
> Task :app:expandMobileArm64_v8aReleaseArtProfileWildcards
> Task :app:mergeMobileArmeabi_v7aReleaseArtProfile
> Task :app:expandMobileArmeabi_v7aReleaseL8ArtProfileWildcards FROM-CACHE
> Task :app:checkMobileArmeabi_v7aReleaseDuplicateClasses
> Task :app:dataBindingMergeDependencyArtifactsMobileArmeabi_v7aRelease
> Task :app:generateMobileArmeabi_v7aReleaseResources FROM-CACHE
> Task :app:stripMobileArmeabi_v7aReleaseDebugSymbols
> Task :app:mergeMobileArmeabi_v7aReleaseResources FROM-CACHE
> Task :app:extractMobileArmeabi_v7aReleaseNativeSymbolTables FROM-CACHE
> Task :app:mergeMobileArmeabi_v7aReleaseNativeDebugMetadata
> Task :app:packageMobileArmeabi_v7aReleaseResources FROM-CACHE
> Task :app:processMobileArmeabi_v7aReleaseNavigationResources FROM-CACHE
> Task :app:parseMobileArmeabi_v7aReleaseLocalResources FROM-CACHE
> Task :app:dataBindingGenBaseClassesMobileArmeabi_v7aRelease FROM-CACHE
> Task :app:generateMobileArmeabi_v7aReleaseBuildConfig FROM-CACHE
> Task :app:generateMobileArmeabi_v7aReleaseRFile FROM-CACHE
> Task :app:compileMobileArmeabi_v7aReleaseKotlin NO-SOURCE
> Task :app:javaPreCompileMobileArmeabi_v7aRelease FROM-CACHE

> Task :app:compileMobileArmeabi_v7aReleaseJavaWithJavac
Note: [1] Wrote GeneratedAppGlideModule with: [com.bumptech.glide.integration.okhttp3.OkHttpLibraryGlideModule, com.bumptech.glide.integration.avif.AvifGlideModule]

> Task :app:lintVitalAnalyzeMobileArm64_v8aRelease

> Task :app:compileMobileArmeabi_v7aReleaseJavaWithJavac
Note: Some input files use or override a deprecated API.
Note: Recompile with -Xlint:deprecation for details.
Note: Some input files use unchecked or unsafe operations.
Note: Recompile with -Xlint:unchecked for details.

> Task :app:mapMobileArmeabi_v7aReleaseSourceSetPaths
> Task :app:checkMobileArmeabi_v7aReleaseAarMetadata
> Task :app:compileMobileArmeabi_v7aReleaseNavigationResources FROM-CACHE
> Task :app:createMobileArmeabi_v7aReleaseCompatibleScreenManifests
> Task :app:extractDeepLinksMobileArmeabi_v7aRelease FROM-CACHE
> Task :app:lintVitalReportMobileArm64_v8aRelease
> Task :app:processMobileArmeabi_v7aReleaseMainManifest FROM-CACHE
> Task :app:lintVitalMobileArm64_v8aRelease
> Task :app:processMobileArmeabi_v7aReleaseManifest FROM-CACHE
> Task :app:processMobileArmeabi_v7aReleaseManifestForPackage FROM-CACHE
> Task :app:processMobileArmeabi_v7aReleaseJavaRes
> Task :app:mergeMobileArmeabi_v7aReleaseStartupProfile
> Task :app:generateMobileArmeabi_v7aReleaseAssets UP-TO-DATE
> Task :app:mergeMobileArmeabi_v7aReleaseAssets
> Task :app:compressMobileArmeabi_v7aReleaseAssets FROM-CACHE
> Task :app:extractMobileArmeabi_v7aReleaseVersionControlInfo
> Task :app:generateMobileArmeabi_v7aReleaseLintVitalReportModel
> Task :app:mergeMobileArmeabi_v7aReleaseJavaResource
> Task :app:collectMobileArmeabi_v7aReleaseDependencies
> Task :app:sdkMobileArmeabi_v7aReleaseDependencyData
> Task :app:validateSigningMobileArmeabi_v7aRelease
> Task :app:writeMobileArmeabi_v7aReleaseAppMetadata
> Task :app:writeMobileArmeabi_v7aReleaseSigningConfigVersions
> Task :app:processMobileArmeabi_v7aReleaseResources
> Task :app:mergeMobileArmeabi_v7aReleaseGeneratedProguardFiles
> Task :app:expandMobileArmeabi_v7aReleaseArtProfileWildcards
> Task :app:lintVitalAnalyzeMobileArmeabi_v7aRelease
> Task :app:lintVitalReportMobileArmeabi_v7aRelease
> Task :app:lintVitalMobileArmeabi_v7aRelease
> Task :app:convertShrunkResourcesToBinaryLeanbackArm64_v8aRelease FROM-CACHE
> Task :app:optimizeLeanbackArm64_v8aReleaseResources FROM-CACHE
> Task :app:l8DexDesugarLibLeanbackArm64_v8aRelease
> Task :app:compileLeanbackArm64_v8aReleaseArtProfile
> Task :app:minifyLeanbackArmeabi_v7aReleaseWithR8
> Task :app:packageLeanbackArm64_v8aRelease
> Task :app:createLeanbackArm64_v8aReleaseApkListingFileRedirect
> Task :app:assembleLeanbackArm64_v8aRelease
> Task :app:convertShrunkResourcesToBinaryLeanbackArmeabi_v7aRelease FROM-CACHE
> Task :app:optimizeLeanbackArmeabi_v7aReleaseResources FROM-CACHE
> Task :app:l8DexDesugarLibLeanbackArmeabi_v7aRelease
> Task :app:compileLeanbackArmeabi_v7aReleaseArtProfile
> Task :app:packageLeanbackArmeabi_v7aRelease
> Task :app:createLeanbackArmeabi_v7aReleaseApkListingFileRedirect
> Task :app:assembleLeanbackArmeabi_v7aRelease
> Task :app:minifyMobileArm64_v8aReleaseWithR8
> Task :app:convertShrunkResourcesToBinaryMobileArm64_v8aRelease FROM-CACHE
> Task :app:optimizeMobileArm64_v8aReleaseResources FROM-CACHE
> Task :app:l8DexDesugarLibMobileArm64_v8aRelease
> Task :app:compileMobileArm64_v8aReleaseArtProfile
> Task :app:packageMobileArm64_v8aRelease
> Task :app:createMobileArm64_v8aReleaseApkListingFileRedirect
> Task :app:assembleMobileArm64_v8aRelease
> Task :app:minifyMobileArmeabi_v7aReleaseWithR8
> Task :app:convertShrunkResourcesToBinaryMobileArmeabi_v7aRelease FROM-CACHE
> Task :app:optimizeMobileArmeabi_v7aReleaseResources FROM-CACHE
> Task :app:l8DexDesugarLibMobileArmeabi_v7aRelease
> Task :app:compileMobileArmeabi_v7aReleaseArtProfile
> Task :app:packageMobileArmeabi_v7aRelease
> Task :app:createMobileArmeabi_v7aReleaseApkListingFileRedirect
> Task :app:assembleMobileArmeabi_v7aRelease
> Task :app:assembleRelease

[Incubating] Problems report is available at: file:///home/runner/work/tvbox-sources/tvbox-sources/fongmi/build/reports/problems/problems-report.html

Deprecated Gradle features were used in this build, making it incompatible with Gradle 10.

You can use '--warning-mode all' to show the individual deprecation warnings and determine if they come from your own scripts or plugins.

For more on this, please refer to https://docs.gradle.org/9.6.1/userguide/command_line_interface.html#sec:command_line_warnings in the Gradle documentation.

BUILD SUCCESSFUL in 8m 36s
365 actionable tasks: 245 executed, 120 from cache
GRADLE_EXIT=0
